// Jest Snapshot v1, https://goo.gl/fbAQLP

exports[`should render AuthSignIn component 1`] = `
<DocumentFragment>
  <form>
    <span>
      Вход
    </span>
    <div>
      <input
        class=""
        placeholder="Логин"
        value=""
      />
      <input
        class=""
        placeholder="Пароль"
        type="password"
        value=""
      />
    </div>
    <div>
      <button
        class=""
        type="submit"
      >
        Войти
      </button>
      <a
        href=""
      >
        <button
          class=""
          type="button"
        >
          Войти через YandexId
        </button>
      </a>
      <button
        class="undefined"
      >
        Нет аккаунта?
      </button>
    </div>
  </form>
</DocumentFragment>
`;
