// Jest Snapshot v1, https://goo.gl/fbAQLP

exports[`should render Button component 1`] = `
<DocumentFragment>
  <button
    class=""
  >
    BUTTON
  </button>
</DocumentFragment>
`;
