// Jest Snapshot v1, https://goo.gl/fbAQLP

exports[`should render Spinner component 1`] = `
<DocumentFragment>
  <div />
</DocumentFragment>
`;
