// Jest Snapshot v1, https://goo.gl/fbAQLP

exports[`should render canvas component 1`] = `
<DocumentFragment>
  <canvas
    class=""
    height="NaN"
    width="NaN"
  />
</DocumentFragment>
`;
