// Jest Snapshot v1, https://goo.gl/fbAQLP

exports[`should render AuthSignUp component 1`] = `
<DocumentFragment>
  <form>
    <span>
      Регистрация
    </span>
    <div>
      <input
        class=""
        placeholder="Почта"
        value=""
      />
      <input
        class=""
        placeholder="Логин"
        value=""
      />
      <input
        class=""
        placeholder="Имя"
        value=""
      />
      <input
        class=""
        placeholder="Фамилия"
        value=""
      />
      <input
        class=""
        placeholder="Телефон"
        value=""
      />
      <input
        class=""
        placeholder="Пароль"
        type="password"
        value=""
      />
      <input
        class=""
        placeholder="Пароль (ещё раз)"
        type="password"
        value=""
      />
    </div>
    <div>
      <button
        class=""
        type="submit"
      >
        Зарегистрироваться
      </button>
      <button
        class="undefined"
      >
        Войти
      </button>
    </div>
  </form>
</DocumentFragment>
`;
