// Jest Snapshot v1, https://goo.gl/fbAQLP

exports[`should render Input component 1`] = `
<DocumentFragment>
  <input
    class=""
  />
</DocumentFragment>
`;
